"UID","MODELID","SOLTYPE","SOLNUM","KVAR","VARNUM","VARNAME"
"1","1","1","1","1","241","VAR1091"
"2","2","1","2","1","241","VAR1091"
"3","3","1","3","1","241","VAR1091"
"4","4","1","4","1","241","VAR1091"
"5","5","1","5","1","241","VAR1091"
"6","6","1","6","1","241","VAR1091"
"7","7","1","7","1","241","VAR1091"
"8","8","1","8","1","241","VAR1091"
"9","9","1","9","1","241","VAR1091"
"10","10","1","10","1","241","VAR1091"
"11","11","2","1","1","58","VAR465"
"12","11","2","1","2","241","VAR1091"
"13","12","2","2","1","58","VAR465"
"14","12","2","2","2","241","VAR1091"
"15","13","2","3","1","58","VAR465"
"16","13","2","3","2","241","VAR1091"
"17","14","2","4","1","58","VAR465"
"18","14","2","4","2","241","VAR1091"
"19","15","2","5","1","58","VAR465"
"20","15","2","5","2","241","VAR1091"
"21","16","2","6","1","58","VAR465"
"22","16","2","6","2","241","VAR1091"
"23","17","2","7","1","58","VAR465"
"24","17","2","7","2","241","VAR1091"
"25","18","2","8","1","58","VAR465"
"26","18","2","8","2","241","VAR1091"
"27","19","2","9","1","58","VAR465"
"28","19","2","9","2","241","VAR1091"
"29","20","2","10","1","58","VAR465"
"30","20","2","10","2","241","VAR1091"
"31","21","3","1","1","40","VAR197"
"32","21","3","1","2","58","VAR465"
"33","21","3","1","3","241","VAR1091"
"34","22","3","2","1","40","VAR197"
"35","22","3","2","2","58","VAR465"
"36","22","3","2","3","241","VAR1091"
"37","23","3","3","1","40","VAR197"
"38","23","3","3","2","58","VAR465"
"39","23","3","3","3","241","VAR1091"
"40","24","3","4","1","40","VAR197"
"41","24","3","4","2","58","VAR465"
"42","24","3","4","3","241","VAR1091"
"43","25","3","5","1","40","VAR197"
"44","25","3","5","2","58","VAR465"
"45","25","3","5","3","241","VAR1091"
"46","26","3","6","1","40","VAR197"
"47","26","3","6","2","58","VAR465"
"48","26","3","6","3","241","VAR1091"
"49","27","3","7","1","40","VAR197"
"50","27","3","7","2","58","VAR465"
"51","27","3","7","3","241","VAR1091"
"52","28","3","8","1","40","VAR197"
"53","28","3","8","2","58","VAR465"
"54","28","3","8","3","241","VAR1091"
"55","29","3","9","1","40","VAR197"
"56","29","3","9","2","58","VAR465"
"57","29","3","9","3","241","VAR1091"
"58","30","3","10","1","40","VAR197"
"59","30","3","10","2","58","VAR465"
"60","30","3","10","3","241","VAR1091"
"61","31","4","1","1","40","VAR197"
"62","31","4","1","2","58","VAR465"
"63","31","4","1","3","241","VAR1091"
"64","31","4","1","4","242","VAR1092"
"65","32","4","2","1","40","VAR197"
"66","32","4","2","2","58","VAR465"
"67","32","4","2","3","241","VAR1091"
"68","32","4","2","4","242","VAR1092"
"69","33","4","3","1","40","VAR197"
"70","33","4","3","2","58","VAR465"
"71","33","4","3","3","241","VAR1091"
"72","33","4","3","4","242","VAR1092"
"73","34","4","4","1","40","VAR197"
"74","34","4","4","2","58","VAR465"
"75","34","4","4","3","241","VAR1091"
"76","34","4","4","4","242","VAR1092"
"77","35","4","5","1","40","VAR197"
"78","35","4","5","2","58","VAR465"
"79","35","4","5","3","241","VAR1091"
"80","35","4","5","4","242","VAR1092"
"81","36","4","6","1","40","VAR197"
"82","36","4","6","2","58","VAR465"
"83","36","4","6","3","241","VAR1091"
"84","36","4","6","4","242","VAR1092"
"85","37","4","7","1","40","VAR197"
"86","37","4","7","2","58","VAR465"
"87","37","4","7","3","241","VAR1091"
"88","37","4","7","4","242","VAR1092"
"89","38","4","8","1","40","VAR197"
"90","38","4","8","2","58","VAR465"
"91","38","4","8","3","241","VAR1091"
"92","38","4","8","4","242","VAR1092"
"93","39","4","9","1","40","VAR197"
"94","39","4","9","2","58","VAR465"
"95","39","4","9","3","241","VAR1091"
"96","39","4","9","4","242","VAR1092"
"97","40","4","10","1","40","VAR197"
"98","40","4","10","2","58","VAR465"
"99","40","4","10","3","241","VAR1091"
"100","40","4","10","4","242","VAR1092"
"101","41","5","1","1","40","VAR197"
"102","41","5","1","2","58","VAR465"
"103","41","5","1","3","74","VAR544"
"104","41","5","1","4","241","VAR1091"
"105","41","5","1","5","242","VAR1092"
"106","42","5","2","1","40","VAR197"
"107","42","5","2","2","58","VAR465"
"108","42","5","2","3","74","VAR544"
"109","42","5","2","4","241","VAR1091"
"110","42","5","2","5","242","VAR1092"
"111","43","5","3","1","40","VAR197"
"112","43","5","3","2","58","VAR465"
"113","43","5","3","3","74","VAR544"
"114","43","5","3","4","241","VAR1091"
"115","43","5","3","5","242","VAR1092"
"116","44","5","4","1","40","VAR197"
"117","44","5","4","2","58","VAR465"
"118","44","5","4","3","74","VAR544"
"119","44","5","4","4","241","VAR1091"
"120","44","5","4","5","242","VAR1092"
"121","45","5","5","1","40","VAR197"
"122","45","5","5","2","58","VAR465"
"123","45","5","5","3","74","VAR544"
"124","45","5","5","4","241","VAR1091"
"125","45","5","5","5","242","VAR1092"
"126","46","5","6","1","40","VAR197"
"127","46","5","6","2","58","VAR465"
"128","46","5","6","3","74","VAR544"
"129","46","5","6","4","241","VAR1091"
"130","46","5","6","5","242","VAR1092"
"131","47","5","7","1","40","VAR197"
"132","47","5","7","2","58","VAR465"
"133","47","5","7","3","74","VAR544"
"134","47","5","7","4","241","VAR1091"
"135","47","5","7","5","242","VAR1092"
"136","48","5","8","1","40","VAR197"
"137","48","5","8","2","58","VAR465"
"138","48","5","8","3","74","VAR544"
"139","48","5","8","4","241","VAR1091"
"140","48","5","8","5","242","VAR1092"
"141","49","5","9","1","40","VAR197"
"142","49","5","9","2","58","VAR465"
"143","49","5","9","3","74","VAR544"
"144","49","5","9","4","241","VAR1091"
"145","49","5","9","5","242","VAR1092"
"146","50","5","10","1","40","VAR197"
"147","50","5","10","2","58","VAR465"
"148","50","5","10","3","74","VAR544"
"149","50","5","10","4","241","VAR1091"
"150","50","5","10","5","242","VAR1092"
"151","51","6","1","1","1","VAR2"
"152","51","6","1","2","40","VAR197"
"153","51","6","1","3","59","VAR466"
"154","51","6","1","4","62","VAR477"
"155","51","6","1","5","241","VAR1091"
"156","51","6","1","6","242","VAR1092"
"157","52","6","2","1","1","VAR2"
"158","52","6","2","2","40","VAR197"
"159","52","6","2","3","58","VAR465"
"160","52","6","2","4","138","VAR775"
"161","52","6","2","5","241","VAR1091"
"162","52","6","2","6","242","VAR1092"
"163","53","6","3","1","40","VAR197"
"164","53","6","3","2","58","VAR465"
"165","53","6","3","3","74","VAR544"
"166","53","6","3","4","138","VAR775"
"167","53","6","3","5","241","VAR1091"
"168","53","6","3","6","242","VAR1092"
"169","54","6","4","1","1","VAR2"
"170","54","6","4","2","40","VAR197"
"171","54","6","4","3","58","VAR465"
"172","54","6","4","4","138","VAR775"
"173","54","6","4","5","241","VAR1091"
"174","54","6","4","6","242","VAR1092"
"175","55","6","5","1","1","VAR2"
"176","55","6","5","2","40","VAR197"
"177","55","6","5","3","58","VAR465"
"178","55","6","5","4","138","VAR775"
"179","55","6","5","5","241","VAR1091"
"180","55","6","5","6","242","VAR1092"
"181","56","6","6","1","1","VAR2"
"182","56","6","6","2","40","VAR197"
"183","56","6","6","3","58","VAR465"
"184","56","6","6","4","138","VAR775"
"185","56","6","6","5","241","VAR1091"
"186","56","6","6","6","242","VAR1092"
"187","57","6","7","1","1","VAR2"
"188","57","6","7","2","40","VAR197"
"189","57","6","7","3","58","VAR465"
"190","57","6","7","4","138","VAR775"
"191","57","6","7","5","241","VAR1091"
"192","57","6","7","6","242","VAR1092"
"193","58","6","8","1","1","VAR2"
"194","58","6","8","2","40","VAR197"
"195","58","6","8","3","58","VAR465"
"196","58","6","8","4","138","VAR775"
"197","58","6","8","5","241","VAR1091"
"198","58","6","8","6","242","VAR1092"
"199","59","6","9","1","1","VAR2"
"200","59","6","9","2","40","VAR197"
"201","59","6","9","3","58","VAR465"
"202","59","6","9","4","138","VAR775"
"203","59","6","9","5","241","VAR1091"
"204","59","6","9","6","242","VAR1092"
"205","60","6","10","1","1","VAR2"
"206","60","6","10","2","40","VAR197"
"207","60","6","10","3","58","VAR465"
"208","60","6","10","4","138","VAR775"
"209","60","6","10","5","241","VAR1091"
"210","60","6","10","6","242","VAR1092"
"211","61","7","1","1","1","VAR2"
"212","61","7","1","2","40","VAR197"
"213","61","7","1","3","59","VAR466"
"214","61","7","1","4","62","VAR477"
"215","61","7","1","5","138","VAR775"
"216","61","7","1","6","241","VAR1091"
"217","61","7","1","7","242","VAR1092"
"218","62","7","2","1","10","VAR11"
"219","62","7","2","2","40","VAR197"
"220","62","7","2","3","44","VAR445"
"221","62","7","2","4","58","VAR465"
"222","62","7","2","5","74","VAR544"
"223","62","7","2","6","241","VAR1091"
"224","62","7","2","7","242","VAR1092"
"225","63","7","3","1","1","VAR2"
"226","63","7","3","2","40","VAR197"
"227","63","7","3","3","59","VAR466"
"228","63","7","3","4","62","VAR477"
"229","63","7","3","5","138","VAR775"
"230","63","7","3","6","241","VAR1091"
"231","63","7","3","7","242","VAR1092"
"232","64","7","4","1","1","VAR2"
"233","64","7","4","2","40","VAR197"
"234","64","7","4","3","59","VAR466"
"235","64","7","4","4","62","VAR477"
"236","64","7","4","5","138","VAR775"
"237","64","7","4","6","241","VAR1091"
"238","64","7","4","7","242","VAR1092"
"239","65","7","5","1","1","VAR2"
"240","65","7","5","2","40","VAR197"
"241","65","7","5","3","59","VAR466"
"242","65","7","5","4","62","VAR477"
"243","65","7","5","5","138","VAR775"
"244","65","7","5","6","241","VAR1091"
"245","65","7","5","7","242","VAR1092"
"246","66","7","6","1","1","VAR2"
"247","66","7","6","2","40","VAR197"
"248","66","7","6","3","59","VAR466"
"249","66","7","6","4","62","VAR477"
"250","66","7","6","5","138","VAR775"
"251","66","7","6","6","241","VAR1091"
"252","66","7","6","7","242","VAR1092"
"253","67","7","7","1","1","VAR2"
"254","67","7","7","2","40","VAR197"
"255","67","7","7","3","59","VAR466"
"256","67","7","7","4","62","VAR477"
"257","67","7","7","5","138","VAR775"
"258","67","7","7","6","241","VAR1091"
"259","67","7","7","7","242","VAR1092"
"260","68","7","8","1","1","VAR2"
"261","68","7","8","2","40","VAR197"
"262","68","7","8","3","59","VAR466"
"263","68","7","8","4","62","VAR477"
"264","68","7","8","5","138","VAR775"
"265","68","7","8","6","241","VAR1091"
"266","68","7","8","7","242","VAR1092"
"267","69","7","9","1","1","VAR2"
"268","69","7","9","2","40","VAR197"
"269","69","7","9","3","59","VAR466"
"270","69","7","9","4","62","VAR477"
"271","69","7","9","5","138","VAR775"
"272","69","7","9","6","241","VAR1091"
"273","69","7","9","7","242","VAR1092"
"274","70","7","10","1","1","VAR2"
"275","70","7","10","2","40","VAR197"
"276","70","7","10","3","59","VAR466"
"277","70","7","10","4","62","VAR477"
"278","70","7","10","5","138","VAR775"
"279","70","7","10","6","241","VAR1091"
"280","70","7","10","7","242","VAR1092"
"281","71","8","1","1","1","VAR2"
"282","71","8","1","2","40","VAR197"
"283","71","8","1","3","59","VAR466"
"284","71","8","1","4","62","VAR477"
"285","71","8","1","5","74","VAR544"
"286","71","8","1","6","138","VAR775"
"287","71","8","1","7","241","VAR1091"
"288","71","8","1","8","242","VAR1092"
"289","72","8","2","1","1","VAR2"
"290","72","8","2","2","40","VAR197"
"291","72","8","2","3","59","VAR466"
"292","72","8","2","4","62","VAR477"
"293","72","8","2","5","74","VAR544"
"294","72","8","2","6","138","VAR775"
"295","72","8","2","7","241","VAR1091"
"296","72","8","2","8","242","VAR1092"
"297","73","8","3","1","1","VAR2"
"298","73","8","3","2","40","VAR197"
"299","73","8","3","3","59","VAR466"
"300","73","8","3","4","62","VAR477"
"301","73","8","3","5","74","VAR544"
"302","73","8","3","6","138","VAR775"
"303","73","8","3","7","241","VAR1091"
"304","73","8","3","8","242","VAR1092"
"305","74","8","4","1","1","VAR2"
"306","74","8","4","2","40","VAR197"
"307","74","8","4","3","59","VAR466"
"308","74","8","4","4","62","VAR477"
"309","74","8","4","5","74","VAR544"
"310","74","8","4","6","138","VAR775"
"311","74","8","4","7","241","VAR1091"
"312","74","8","4","8","242","VAR1092"
"313","75","8","5","1","1","VAR2"
"314","75","8","5","2","40","VAR197"
"315","75","8","5","3","59","VAR466"
"316","75","8","5","4","62","VAR477"
"317","75","8","5","5","74","VAR544"
"318","75","8","5","6","138","VAR775"
"319","75","8","5","7","241","VAR1091"
"320","75","8","5","8","242","VAR1092"
"321","76","8","6","1","1","VAR2"
"322","76","8","6","2","40","VAR197"
"323","76","8","6","3","59","VAR466"
"324","76","8","6","4","62","VAR477"
"325","76","8","6","5","74","VAR544"
"326","76","8","6","6","138","VAR775"
"327","76","8","6","7","241","VAR1091"
"328","76","8","6","8","242","VAR1092"
"329","77","8","7","1","1","VAR2"
"330","77","8","7","2","40","VAR197"
"331","77","8","7","3","59","VAR466"
"332","77","8","7","4","62","VAR477"
"333","77","8","7","5","74","VAR544"
"334","77","8","7","6","138","VAR775"
"335","77","8","7","7","241","VAR1091"
"336","77","8","7","8","242","VAR1092"
"337","78","8","8","1","1","VAR2"
"338","78","8","8","2","31","VAR80"
"339","78","8","8","3","40","VAR197"
"340","78","8","8","4","58","VAR465"
"341","78","8","8","5","74","VAR544"
"342","78","8","8","6","138","VAR775"
"343","78","8","8","7","241","VAR1091"
"344","78","8","8","8","242","VAR1092"
"345","79","8","9","1","1","VAR2"
"346","79","8","9","2","40","VAR197"
"347","79","8","9","3","59","VAR466"
"348","79","8","9","4","62","VAR477"
"349","79","8","9","5","74","VAR544"
"350","79","8","9","6","138","VAR775"
"351","79","8","9","7","241","VAR1091"
"352","79","8","9","8","242","VAR1092"
"353","80","8","10","1","1","VAR2"
"354","80","8","10","2","40","VAR197"
"355","80","8","10","3","59","VAR466"
"356","80","8","10","4","62","VAR477"
"357","80","8","10","5","74","VAR544"
"358","80","8","10","6","138","VAR775"
"359","80","8","10","7","241","VAR1091"
"360","80","8","10","8","242","VAR1092"
"361","81","9","1","1","12","VAR20"
"362","81","9","1","2","40","VAR197"
"363","81","9","1","3","44","VAR445"
"364","81","9","1","4","59","VAR466"
"365","81","9","1","5","62","VAR477"
"366","81","9","1","6","74","VAR544"
"367","81","9","1","7","138","VAR775"
"368","81","9","1","8","241","VAR1091"
"369","81","9","1","9","242","VAR1092"
"370","82","9","2","1","12","VAR20"
"371","82","9","2","2","40","VAR197"
"372","82","9","2","3","44","VAR445"
"373","82","9","2","4","59","VAR466"
"374","82","9","2","5","62","VAR477"
"375","82","9","2","6","74","VAR544"
"376","82","9","2","7","138","VAR775"
"377","82","9","2","8","241","VAR1091"
"378","82","9","2","9","242","VAR1092"
"379","83","9","3","1","1","VAR2"
"380","83","9","3","2","40","VAR197"
"381","83","9","3","3","59","VAR466"
"382","83","9","3","4","62","VAR477"
"383","83","9","3","5","74","VAR544"
"384","83","9","3","6","138","VAR775"
"385","83","9","3","7","168","VAR872"
"386","83","9","3","8","241","VAR1091"
"387","83","9","3","9","242","VAR1092"
"388","84","9","4","1","1","VAR2"
"389","84","9","4","2","40","VAR197"
"390","84","9","4","3","58","VAR465"
"391","84","9","4","4","74","VAR544"
"392","84","9","4","5","102","VAR647"
"393","84","9","4","6","138","VAR775"
"394","84","9","4","7","168","VAR872"
"395","84","9","4","8","241","VAR1091"
"396","84","9","4","9","242","VAR1092"
"397","85","9","5","1","12","VAR20"
"398","85","9","5","2","40","VAR197"
"399","85","9","5","3","44","VAR445"
"400","85","9","5","4","59","VAR466"
"401","85","9","5","5","62","VAR477"
"402","85","9","5","6","74","VAR544"
"403","85","9","5","7","138","VAR775"
"404","85","9","5","8","241","VAR1091"
"405","85","9","5","9","242","VAR1092"
"406","86","9","6","1","12","VAR20"
"407","86","9","6","2","40","VAR197"
"408","86","9","6","3","44","VAR445"
"409","86","9","6","4","59","VAR466"
"410","86","9","6","5","62","VAR477"
"411","86","9","6","6","74","VAR544"
"412","86","9","6","7","138","VAR775"
"413","86","9","6","8","241","VAR1091"
"414","86","9","6","9","242","VAR1092"
"415","87","9","7","1","12","VAR20"
"416","87","9","7","2","40","VAR197"
"417","87","9","7","3","44","VAR445"
"418","87","9","7","4","59","VAR466"
"419","87","9","7","5","62","VAR477"
"420","87","9","7","6","74","VAR544"
"421","87","9","7","7","138","VAR775"
"422","87","9","7","8","241","VAR1091"
"423","87","9","7","9","242","VAR1092"
"424","88","9","8","1","10","VAR11"
"425","88","9","8","2","40","VAR197"
"426","88","9","8","3","58","VAR465"
"427","88","9","8","4","74","VAR544"
"428","88","9","8","5","138","VAR775"
"429","88","9","8","6","208","VAR913"
"430","88","9","8","7","210","VAR915"
"431","88","9","8","8","241","VAR1091"
"432","88","9","8","9","242","VAR1092"
"433","89","9","9","1","12","VAR20"
"434","89","9","9","2","40","VAR197"
"435","89","9","9","3","58","VAR465"
"436","89","9","9","4","74","VAR544"
"437","89","9","9","5","208","VAR913"
"438","89","9","9","6","210","VAR915"
"439","89","9","9","7","226","VAR931"
"440","89","9","9","8","241","VAR1091"
"441","89","9","9","9","242","VAR1092"
"442","90","9","10","1","1","VAR2"
"443","90","9","10","2","40","VAR197"
"444","90","9","10","3","59","VAR466"
"445","90","9","10","4","62","VAR477"
"446","90","9","10","5","74","VAR544"
"447","90","9","10","6","138","VAR775"
"448","90","9","10","7","168","VAR872"
"449","90","9","10","8","241","VAR1091"
"450","90","9","10","9","242","VAR1092"
"451","91","10","1","1","1","VAR2"
"452","91","10","1","2","40","VAR197"
"453","91","10","1","3","59","VAR466"
"454","91","10","1","4","62","VAR477"
"455","91","10","1","5","74","VAR544"
"456","91","10","1","6","138","VAR775"
"457","91","10","1","7","208","VAR913"
"458","91","10","1","8","210","VAR915"
"459","91","10","1","9","241","VAR1091"
"460","91","10","1","10","242","VAR1092"
"461","92","10","2","1","1","VAR2"
"462","92","10","2","2","31","VAR80"
"463","92","10","2","3","40","VAR197"
"464","92","10","2","4","59","VAR466"
"465","92","10","2","5","62","VAR477"
"466","92","10","2","6","74","VAR544"
"467","92","10","2","7","138","VAR775"
"468","92","10","2","8","168","VAR872"
"469","92","10","2","9","241","VAR1091"
"470","92","10","2","10","242","VAR1092"
"471","93","10","3","1","1","VAR2"
"472","93","10","3","2","31","VAR80"
"473","93","10","3","3","40","VAR197"
"474","93","10","3","4","59","VAR466"
"475","93","10","3","5","62","VAR477"
"476","93","10","3","6","74","VAR544"
"477","93","10","3","7","138","VAR775"
"478","93","10","3","8","168","VAR872"
"479","93","10","3","9","241","VAR1091"
"480","93","10","3","10","242","VAR1092"
"481","94","10","4","1","1","VAR2"
"482","94","10","4","2","31","VAR80"
"483","94","10","4","3","40","VAR197"
"484","94","10","4","4","59","VAR466"
"485","94","10","4","5","62","VAR477"
"486","94","10","4","6","74","VAR544"
"487","94","10","4","7","138","VAR775"
"488","94","10","4","8","168","VAR872"
"489","94","10","4","9","241","VAR1091"
"490","94","10","4","10","242","VAR1092"
"491","95","10","5","1","1","VAR2"
"492","95","10","5","2","40","VAR197"
"493","95","10","5","3","59","VAR466"
"494","95","10","5","4","62","VAR477"
"495","95","10","5","5","74","VAR544"
"496","95","10","5","6","102","VAR647"
"497","95","10","5","7","138","VAR775"
"498","95","10","5","8","168","VAR872"
"499","95","10","5","9","241","VAR1091"
"500","95","10","5","10","242","VAR1092"
"501","96","10","6","1","1","VAR2"
"502","96","10","6","2","31","VAR80"
"503","96","10","6","3","40","VAR197"
"504","96","10","6","4","59","VAR466"
"505","96","10","6","5","62","VAR477"
"506","96","10","6","6","74","VAR544"
"507","96","10","6","7","138","VAR775"
"508","96","10","6","8","168","VAR872"
"509","96","10","6","9","241","VAR1091"
"510","96","10","6","10","242","VAR1092"
"511","97","10","7","1","1","VAR2"
"512","97","10","7","2","40","VAR197"
"513","97","10","7","3","59","VAR466"
"514","97","10","7","4","62","VAR477"
"515","97","10","7","5","74","VAR544"
"516","97","10","7","6","102","VAR647"
"517","97","10","7","7","138","VAR775"
"518","97","10","7","8","168","VAR872"
"519","97","10","7","9","241","VAR1091"
"520","97","10","7","10","242","VAR1092"
"521","98","10","8","1","1","VAR2"
"522","98","10","8","2","31","VAR80"
"523","98","10","8","3","40","VAR197"
"524","98","10","8","4","59","VAR466"
"525","98","10","8","5","62","VAR477"
"526","98","10","8","6","74","VAR544"
"527","98","10","8","7","138","VAR775"
"528","98","10","8","8","168","VAR872"
"529","98","10","8","9","241","VAR1091"
"530","98","10","8","10","242","VAR1092"
"531","99","10","9","1","1","VAR2"
"532","99","10","9","2","40","VAR197"
"533","99","10","9","3","58","VAR465"
"534","99","10","9","4","74","VAR544"
"535","99","10","9","5","138","VAR775"
"536","99","10","9","6","168","VAR872"
"537","99","10","9","7","208","VAR913"
"538","99","10","9","8","210","VAR915"
"539","99","10","9","9","241","VAR1091"
"540","99","10","9","10","242","VAR1092"
"541","100","10","10","1","1","VAR2"
"542","100","10","10","2","31","VAR80"
"543","100","10","10","3","40","VAR197"
"544","100","10","10","4","59","VAR466"
"545","100","10","10","5","62","VAR477"
"546","100","10","10","6","74","VAR544"
"547","100","10","10","7","138","VAR775"
"548","100","10","10","8","168","VAR872"
"549","100","10","10","9","241","VAR1091"
"550","100","10","10","10","242","VAR1092"
